// Jest Snapshot v1, https://goo.gl/fbAQLP

exports[`renders Playlist renders correctly when there are no items 1`] = `<ul />`;
